C51 COMPILER V9.50a   BSP_GPIO                                                             09/25/2013 16:44:39 PAGE 1   


C51 COMPILER V9.50a, COMPILATION OF MODULE BSP_GPIO
OBJECT MODULE PLACED IN .\Obj\bsp_gpio.obj
COMPILER INVOKED BY: D:\Program Files\Keil\C51\BIN\C51.EXE ..\Bsp\bsp_gpio.c LARGE OPTIMIZE(SIZE) BROWSE MODP2 INCDIR(..
                    -\App;..\Bsp) DEBUG OBJECTEXTEND PRINT(.\List\bsp_gpio.lst) OBJECT(.\Obj\bsp_gpio.obj)

line level    source

   1          /*
   2          *   gpio 配置
   3          */
   4          #include <stc12c5a60s2.h>
   5          #include "bsp_gpio.h"
   6          
   7          extern void delayMS(unsigned int tim);
   8          
   9          /*********************************************************************************************
  10          函数名：ledStart
  11          作  用: 开机LED闪烁
  12          参  数：闪烁次数 n
  13          返回值：无
  14          **********************************************************************************************/
  15          void ledStart(void)
  16          {
  17   1              //LED开
  18   1              P2 &= 0x0f;
  19   1              P0 &= 0xf0;
  20   1              delayMS(2500);
  21   1              
  22   1              P2 |= 0xf0;
  23   1      }
  24          
  25          
  26          /*********************************************************************************************
  27          函数名：GPIO_Init
  28          作  用: GPIO管脚初始化
  29          参  数：无
  30          返回值：无
  31          **********************************************************************************************/
  32          void GPIO_Init(void)
  33          {
  34   1              //P0口,标准双向口
  35   1              P0M0 = 0x0;
  36   1              P0M1 = 0x0;
  37   1      
  38   1              //P1口,标准双向口 P13 作为PWM输出     7654 3210
  39   1              P1M0 = 0x08;                       // 0000 1000
  40   1              P1M1 = 0x0;                          // 0000 0000 
  41   1              
  42   1              //P2口  P27~P24 用于LED指示，配置成推挽输出
  43   1              P2M0 = 0xf0;  
  44   1              P2M1 = 0x0;
  45   1      
  46   1              //P37~P36 用于可控硅控制，配置成推挽输出
  47   1              P3M0 = 0xf0;
  48   1              P3M1 = 0x0;
  49   1      
  50   1              //P4口
  51   1              P4SW = 0x70; //设置管脚为IO口 0111 0000
  52   1              P4M0 = 0x30;  //0011 0000 P45 P44 控制BUZ 设置为推挽输出
  53   1              P4M1 = 0x0;
  54   1      
C51 COMPILER V9.50a   BSP_GPIO                                                             09/25/2013 16:44:39 PAGE 2   

  55   1      
  56   1              P0 &= 0x0; //按键扫描 
  57   1              P1 &= 0xf7;
  58   1              P2 = (P2 | 0xf0) & 0xf0; //  1111 0000 LED低电平有效，开机为高
  59   1              P3 |= 0xf0; //P3.4~3.7 可控硅控制，低电平有效
  60   1              P4 &= 0x0; //蜂鸣器端口P44 P45  74HC595数据线P46 开机都为低
  61   1      
  62   1      }
  63          
  64          


MODULE INFORMATION:   STATIC OVERLAYABLE
   CODE SIZE        =     65    ----
   CONSTANT SIZE    =   ----    ----
   XDATA SIZE       =   ----    ----
   PDATA SIZE       =   ----    ----
   DATA SIZE        =   ----    ----
   IDATA SIZE       =   ----    ----
   BIT SIZE         =   ----    ----
END OF MODULE INFORMATION.


C51 COMPILATION COMPLETE.  0 WARNING(S),  0 ERROR(S)
